id: 6202900
antragsnummer: 20-26/I00014
status: BA-Antrag
baNr: 9
baId: 218
title: 'Versetzen der Poller an der Wotanstraße 5'
wahlperiode: 2020-2026
gestelltAm: null
registriertAm: '2020-09-03T00:00:00+02:00'
bearbeitungsfrist: null
erledigtAm: null
art: 'Öffentlicher Vorgang'
typ: 'Initiative eines BA Mitglieds'
bearbeitungsart: null
referatId: null
referatName: null
initiativeNamen: {  }
gestelltVon: {  }
dokumentLinks:
    - { title: Originalinitiative, id: 6204507, url: /dokument/v/6204507, filename: Originalinitiative.pdf }
ergebnisse:
    - { sitzungId: 5793749, sitzungAm: '2020-09-15T00:00:00+02:00' }
