-
    id: 6914190
    topNr: '1.'
    title: |-
        Städtische Wohnungsbaugesellschaften
        Zusammenführung der städtischen Wohnungsbaugesellschaften
        Steuerung des Zusammenführungsprozesses
    hasDisclosure: true
    disclosure: null
    hasDecision: false
    decision: null
    antraegeIds: {  }
    vorlagenIds: {  }
-
    id: 6894347
    topNr: '2.'
    title: |-
        Beteiligungssteuerung

        Ziele 2022 - Berichte 2021
        für GWG und GEWOFAG jeweils mit Unterbeteiligungen
        Abweichungsbericht Oktober 2021
    hasDisclosure: true
    disclosure: null
    hasDecision: false
    decision: null
    antraegeIds: {  }
    vorlagenIds: {  }
-
    id: 6894335
    topNr: '3.'
    title: |-
        Kommission für Stadtgestaltung
        Ausscheiden und Neuberufung
        von Mitgliedern
    hasDisclosure: true
    disclosure: null
    hasDecision: false
    decision: null
    antraegeIds: {  }
    vorlagenIds: {  }
-
    id: 6908162
    topNr: '4.'
    title: |-
        Münchner Gesellschaft für Stadterneuerung mbH (MGS)
        Sanierungstätigkeit ab 2022;
        Stundensätze der MGS für 2022
        Evaluierung der Neuausrichtung der MGS
        (Zwischenstand)
    hasDisclosure: true
    disclosure: null
    hasDecision: false
    decision: null
    antraegeIds: {  }
    vorlagenIds: {  }
-
    id: 6912195
    topNr: '5.'
    title: |-
        Auflösung des Treuhandvermögens der
        Münchner Gesellschaft für Stadterneuerung mbH:

        Verkauf von Treuhandgrundstücken
    hasDisclosure: true
    disclosure: null
    hasDecision: false
    decision: null
    antraegeIds: {  }
    vorlagenIds: {  }
