id: 6765458
antragsnummer: 20-26/V04277
status: 'Vorläufiger Beschluss'
title: |-
    Münchner Mietproblematik "morbus monacensis"

    Empfehlung Nr. 20-26 / E 00080 ........................
kurzinfo: |-
    Anlass
    • Mieter*innenvertreibung in München durch Luxussanierung und Mieterhöhung
    • Empfehlung Nr. 20-26 / E 00080 vom 05.07.2021

    Inhalt
    • Erhaltungssatzung „Birnauer Straße“
    • Prüfung der Modernisierungsmaßnahmen hinsichtlich
    einer Luxussanierung
    • Rechtliche Grundlagen zur Begrenzung des Anstiegs der Mieten
    • Politische Forderungen der Landeshauptstadt München an den
    Bundesgesetzgeber

    Gesamtkosten/Gesamterlöse
    -/-

    Entscheidungsvorschlag
    • Die Empfehlung Nr. 20-26 / E 00080 der Bürgerversammlung
    des Stadtbezirkes 04 – Schwabing West am 05.07.2021 ist
    satzungsgemäß behandelt.

    Gesucht werden kann im RIS auch unter:
    • Gentrifizierung

    Ortsangabe
    • Stadtbezirk 04 - Schwabing West
    Gebäudekarree Schleißheimer Straße/Bamberger Straße/Gernotstraße
hatAntragsliste: true
wahlperiode: 2020-2026
freigabe: '2021-11-26T00:00:00+01:00'
art: 'Öffentlicher Vorgang'
typ: 'Beschlussvorlage SB'
referatId: 11
referatName: Sozialreferat
referentIn: 'Berufsm. StRin Schiwy'
baNr: null
baGremiumId: null
baName: null
dokumentLinks:
    - { title: Muenchner_Mietproblematik, id: 6842947, url: /dokument/v/6842947, filename: Muenchner_Mietproblematik.pdf }
    - { title: Muenchner_Mietproblematik_Anlage_1, id: 6842949, url: /dokument/v/6842949, filename: Muenchner_Mietproblematik_Anlage_1.pdf }
    - { title: Muenchner_Mietproblematik_Anlage_2, id: 6842951, url: /dokument/v/6842951, filename: Muenchner_Mietproblematik_Anlage_2.pdf }
ergebnisse:
    - { sitzungId: 6432126, sitzungAm: '2021-12-09T00:00:00+01:00' }
antraege: {  }
