-
    id: 3312434
    link: ./detail/3312434
    name: 'Kathrin Abele'
    fraktionId: 5986278
    fraktionName: 'SPD / Volt - Fraktion'
-
    id: 5962886
    link: ./detail/5962886
    name: 'Leo Agerer'
    fraktionId: 32
    fraktionName: CSU-Fraktion
-
    id: 5962895
    link: ./detail/5962895
    name: 'Andreas Babor'
    fraktionId: 32
    fraktionName: CSU-Fraktion
-
    id: 3312549
    link: ./detail/3312549
    name: 'Sabine Bär'
    fraktionId: 32
    fraktionName: CSU-Fraktion
-
    id: 2875703
    link: ./detail/2875703
    name: 'Anja Berger'
    fraktionId: 3312426
    fraktionName: 'Fraktion Die Grünen - Rosa Liste'
-
    id: 1418545
    link: ./detail/1418545
    name: 'Paul Bickelbacher'
    fraktionId: 3312426
    fraktionName: 'Fraktion Die Grünen - Rosa Liste'
